SQL> select*from stud;

    STUDNO STUDNAME   JOB              MGR HIREDATE         SAL       COMM
---------- ---------- --------- ---------- --------- ---------- ----------
    DEPTNO
----------
      7839 KING       PRESIDENT            17-NOV-81       5000
        10

      7698 BLAKE      MANAGER         7839 01-MAY-81       2850
        30

      7782 CLARK      MANAGER         7839 09-JUN-81       2450
        10


    STUDNO STUDNAME   JOB              MGR HIREDATE         SAL       COMM
---------- ---------- --------- ---------- --------- ---------- ----------
    DEPTNO
----------
      7566 JONES      MANAGER         7839 02-APR-81       2975
        20

      7788 SCOTT      ANALYST         7566 19-APR-87       3000
        20

      7902 FORD       ANALYST         7566 03-DEC-81       3000
        20


    STUDNO STUDNAME   JOB              MGR HIREDATE         SAL       COMM
---------- ---------- --------- ---------- --------- ---------- ----------
    DEPTNO
----------
      7369 SMITH      CLERK           7902 17-DEC-80        800
        20

      7499 ALLEN      SALESMAN        7698 20-FEB-81       1600        300
        30

      7521 WARD       SALESMAN        7698 22-FEB-81       1250        500
        30


    STUDNO STUDNAME   JOB              MGR HIREDATE         SAL       COMM
---------- ---------- --------- ---------- --------- ---------- ----------
    DEPTNO
----------
      7654 MARTIN     SALESMAN        7698 28-SEP-81       1250       1400
        30

      7844 TURNER     SALESMAN        7698 08-SEP-81       1500          0
        30

      7876 ADAMS      CLERK           7788 23-MAY-87       1100
        20


    STUDNO STUDNAME   JOB              MGR HIREDATE         SAL       COMM
---------- ---------- --------- ---------- --------- ---------- ----------
    DEPTNO
----------
      7900 JAMES      CLERK           7698 03-DEC-81        950
        30

      7934 MILLER     CLERK           7782 23-JAN-82       1300
        10


14 rows selected.

SQL> select*from stud where job='manager';

no rows selected

SQL> select*from stud where job='MANAGER';

    STUDNO STUDNAME   JOB              MGR HIREDATE         SAL       COMM
---------- ---------- --------- ---------- --------- ---------- ----------
    DEPTNO
----------
      7698 BLAKE      MANAGER         7839 01-MAY-81       2850
        30

      7782 CLARK      MANAGER         7839 09-JUN-81       2450
        10

      7566 JONES      MANAGER         7839 02-APR-81       2975
        20


SQL> select*from stud where job='PRESIDENT';

    STUDNO STUDNAME   JOB              MGR HIREDATE         SAL       COMM
---------- ---------- --------- ---------- --------- ---------- ----------
    DEPTNO
----------
      7839 KING       PRESIDENT            17-NOV-81       5000
        10


SQL> select*from stud where job in ('MANAGER','CLEARK');

    STUDNO STUDNAME   JOB              MGR HIREDATE         SAL       COMM
---------- ---------- --------- ---------- --------- ---------- ----------
    DEPTNO
----------
      7698 BLAKE      MANAGER         7839 01-MAY-81       2850
        30

      7782 CLARK      MANAGER         7839 09-JUN-81       2450
        10

      7566 JONES      MANAGER         7839 02-APR-81       2975
        20


SQL> SELECT* FROM STUD WHERE JOB='MANAGER'AND DEPTNO=10;

    STUDNO STUDNAME   JOB              MGR HIREDATE         SAL       COMM
---------- ---------- --------- ---------- --------- ---------- ----------
    DEPTNO
----------
      7782 CLARK      MANAGER         7839 09-JUN-81       2450
        10


SQL> SELECT*FROM STUD WHERE DEPTNO=10;

    STUDNO STUDNAME   JOB              MGR HIREDATE         SAL       COMM
---------- ---------- --------- ---------- --------- ---------- ----------
    DEPTNO
----------
      7839 KING       PRESIDENT            17-NOV-81       5000
        10

      7782 CLARK      MANAGER         7839 09-JUN-81       2450
        10

      7934 MILLER     CLERK           7782 23-JAN-82       1300
        10


SQL> SELECT*FROM STUD WHERE DEPTNO IN (20,30,40) AND JOB NOT IN ('MANAGER');

    STUDNO STUDNAME   JOB              MGR HIREDATE         SAL       COMM
---------- ---------- --------- ---------- --------- ---------- ----------
    DEPTNO
----------
      7788 SCOTT      ANALYST         7566 19-APR-87       3000
        20

      7902 FORD       ANALYST         7566 03-DEC-81       3000
        20

      7369 SMITH      CLERK           7902 17-DEC-80        800
        20


    STUDNO STUDNAME   JOB              MGR HIREDATE         SAL       COMM
---------- ---------- --------- ---------- --------- ---------- ----------
    DEPTNO
----------
      7499 ALLEN      SALESMAN        7698 20-FEB-81       1600        300
        30

      7521 WARD       SALESMAN        7698 22-FEB-81       1250        500
        30

      7654 MARTIN     SALESMAN        7698 28-SEP-81       1250       1400
        30


    STUDNO STUDNAME   JOB              MGR HIREDATE         SAL       COMM
---------- ---------- --------- ---------- --------- ---------- ----------
    DEPTNO
----------
      7844 TURNER     SALESMAN        7698 08-SEP-81       1500          0
        30

      7876 ADAMS      CLERK           7788 23-MAY-87       1100
        20

      7900 JAMES      CLERK           7698 03-DEC-81        950
        30


9 rows selected.

SQL> SELECT*FROM STUD WHERE(JOB='MANAGER' AND DEPTNO=10)ORJOB='ANAYST';
SELECT*FROM STUD WHERE(JOB='MANAGER' AND DEPTNO=10)ORJOB='ANAYST'
                                                   *
ERROR at line 1:
ORA-00933: SQL command not properly ended


SQL> SELECT*FROM STUD WHERE(JOB='MANAGER' AND DEPTNO=10);

    STUDNO STUDNAME   JOB              MGR HIREDATE         SAL       COMM
---------- ---------- --------- ---------- --------- ---------- ----------
    DEPTNO
----------
      7782 CLARK      MANAGER         7839 09-JUN-81       2450
        10


SQL> SELECT*FROM STUD WHERE JOB='ANAYST';

no rows selected

SQL> SELECT*FROM STUD WHERE JOB=NOT IN('PRESIDENT','ANALYST','SALESMAN');
SELECT*FROM STUD WHERE JOB=NOT IN('PRESIDENT','ANALYST','SALESMAN')
                           *
ERROR at line 1:
ORA-00936: missing expression


SQL> SELECT*FROM STUD WHERE JOB  NOT IN ('PRESIDENT','ANALYST','SALESMAN');

    STUDNO STUDNAME   JOB              MGR HIREDATE         SAL       COMM
---------- ---------- --------- ---------- --------- ---------- ----------
    DEPTNO
----------
      7698 BLAKE      MANAGER         7839 01-MAY-81       2850
        30

      7782 CLARK      MANAGER         7839 09-JUN-81       2450
        10

      7566 JONES      MANAGER         7839 02-APR-81       2975
        20


    STUDNO STUDNAME   JOB              MGR HIREDATE         SAL       COMM
---------- ---------- --------- ---------- --------- ---------- ----------
    DEPTNO
----------
      7369 SMITH      CLERK           7902 17-DEC-80        800
        20

      7876 ADAMS      CLERK           7788 23-MAY-87       1100
        20

      7900 JAMES      CLERK           7698 03-DEC-81        950
        30


    STUDNO STUDNAME   JOB              MGR HIREDATE         SAL       COMM
---------- ---------- --------- ---------- --------- ---------- ----------
    DEPTNO
----------
      7934 MILLER     CLERK           7782 23-JAN-82       1300
        10


7 rows selected.

SQL> SELECT*FROM STUD WHERE JOB='CLEARK' AND DEPTNO=10;

no rows selected

SQL> SELECT * FROM STUD WHERE JOB='CLEARK' AND DEPTNO=10;

no rows selected

SQL> SELECT*FROM STUD WHERE JOB='CLERK' AND DEPTNO=10;

    STUDNO STUDNAME   JOB              MGR HIREDATE         SAL       COMM
---------- ---------- --------- ---------- --------- ---------- ----------
    DEPTNO
----------
      7934 MILLER     CLERK           7782 23-JAN-82       1300
        10


SQL> COMMIT;

Commit complete.
